[36mvite v5.4.19 [32mbuilding for production...[36m[39m
transforming...
node.exe : Browserslist: 
browsers data 
(caniuse-lite) is 9 months 
old. Please run:
At line:1 char:1
+ & "C:\Program 
Files\nodejs/node.exe" 
"C:\Program 
Files\nodejs/node_mo ...
+ ~~~~~~~~~~~~~~~~~~~~~~~~~
~~~~~~~~~~~~~~~~~~~~~~~~~~~
~~~~~~~~~~~~~~~~~
    + CategoryInfo         
     : NotSpecified: (Bro  
  wserslist: b...ld. Ple   
 ase run::String) [], R    
emoteException
    + FullyQualifiedErrorI 
   d : NativeCommandError
 
  npx update-browserslist-d
b@latest
  Why you should do it 
regularly: https://github.c
om/browserslist/update-db#r
eadme

[1m[33mwarn[39m[22m - 
The class `ease-[cubic-bezi
er(0.23,1,0.32,1)]` is 
ambiguous and matches 
multiple utilities.
[1m[33mwarn[39m[22m - 
If this is content and not 
a class, replace it with `e
ase-&lsqb;cubic-bezier(0.23
,1,0.32,1)&rsqb;` to 
silence this warning.
[32mÔ£ô[39m 1741 modules transformed.
rendering chunks...
computing gzip size...
[2mdist/[22m[32mindex.html                 [39m[1m[2m  1.46 kB[22m[1m[22m[2m Ôöé gzip:   0.65 kB[22m
[2mdist/[22m[35massets/index-CCdnWrC5.css  [39m[1m[2m 72.93 kB[22m[1m[22m[2m Ôöé gzip:  12.48 kB[22m
[2mdist/[22m[36massets/index-BxIBPwao.js   [39m[1m[2m456.41 kB[22m[1m[22m[2m Ôöé gzip: 141.64 kB[22m
[32mÔ£ô built in 2.69s[39m
